// Jest Snapshot v1, https://goo.gl/fbAQLP

exports[`Books 1`] = `
<div
  className="row"
>
  <div
    className="main col-md-7"
  >
    <h1>
      Your Books
    </h1>
    <div>
      <h2>
        <a
          href="/books/exploding-rails"
          onClick={[Function]}
        >
          Exploding Rails
        </a>
      </h2>
      <span
        className="blurb"
      >
        Explode your Rails applications
      </span>
    </div>
  </div>
</div>
`;
